../Libraries/UART_Library/Inc/uart_protocol_library.h:10:6:UART_Init	1
../Libraries/UART_Library/Inc/uart_protocol_library.h:13:6:UART_SendFrame	1
../Libraries/UART_Library/Inc/uart_protocol_library.h:17:6:UART_ReceiveFrame	1
../Libraries/UART_Library/Inc/uart_protocol_library.h:20:6:USART2_IRQHandler	1
../Libraries/UART_Library/Inc/uart_protocol_library.h:23:6:callback	1
../Core/Src/main.c:10:5:main	2
../Core/Src/main.c:37:6:SystemClock_Config	3
../Core/Src/main.c:63:13:MX_USART2_UART_Init	5
../Core/Src/main.c:91:13:MX_GPIO_Init	1
../Core/Src/main.c:95:6:Error_Handler	1
